Tree:
1
 \
  2
   \
    3
     \
      4
       \
        5
         \
         10
         / \
        /   \
       9    11
      /       \
     8        12
    /           \
   7            13
  /               \
 6                14
                    \
                    15
                      \
                      20
                      /
                     19
                    /
                   18
                  /
                 17
                /
               16

#nodes = 20,  #leaves = 2
Infix  : 1 2 3 4 5 6 7 8 9 10 11 12 13 14 15 16 17 18 19 20 
Prefix : 1 2 3 4 5 10 9 8 7 6 11 12 13 14 15 20 19 18 17 16 
Postfix: 6 7 8 9 16 17 18 19 20 15 14 13 12 11 10 5 4 3 2 1 
ByLevel: 1 2 3 4 5 10 9 11 8 12 7 13 6 14 15 20 19 18 17 16 
